// Jest Snapshot v1, https://goo.gl/fbAQLP

exports[`renders correctly 1`] = `
.c0 {
  width: 100%;
  height: auto;
  margin-bottom: 2vw;
  display: -webkit-box;
  display: -webkit-flex;
  display: -ms-flexbox;
  display: flex;
  -webkit-flex-direction: row;
  -ms-flex-direction: row;
  flex-direction: row;
  -webkit-box-pack: space-evenly;
  -webkit-justify-content: space-evenly;
  -ms-flex-pack: space-evenly;
  justify-content: space-evenly;
}

.c1 {
  width: 3%;
  padding-top: 2px;
}

.c2 {
  color: #333;
  width: 45%;
}

.c3 {
  color: #333;
  width: 50%;
}

.c3 > ul {
  margin: 0;
  padding: 0;
}

@media (max-width:64em) {
  .c0 {
    width: 90%;
    padding: 5vw 2vw;
    box-shadow: rgba(0,0,0,0.1) 0px 7px 40px;
    margin: 0 auto 5vw auto;
    display: grid;
    grid-template-columns: 1fr 9fr;
    grid-template-rows: auto auto;
    grid-template-areas: 'fav title' 'desc desc';
    justify-items: center;
    -webkit-align-items: center;
    -webkit-box-align: center;
    -ms-flex-align: center;
    align-items: center;
  }
}

@media (max-width:64em) {
  .c1 {
    grid-area: fav;
    width: auto;
  }
}

@media (max-width:37.5em) {
  .c1 {
    -webkit-align-self: start;
    -ms-flex-item-align: start;
    align-self: start;
    padding-top: 0;
  }
}

@media (max-width:64em) {
  .c2 {
    grid-area: title;
    width: 100%;
  }
}

@media (max-width:64em) {
  .c3 {
    grid-area: desc;
    justify-self: center;
    width: 95%;
  }

  .c3 > ul > li {
    list-style-type: none;
    margin-top: 2vw;
  }
}

<div
  className="c0"
>
  <div
    className="c1"
    onClick={[Function]}
  >
    <svg
      fill="none"
      height="2vh"
      stroke="#23975e"
      strokeLinecap="round"
      strokeLinejoin="round"
      strokeWidth="2"
      viewBox="0 0 24 24"
      width="2vh"
      xmlns="http://www.w3.org/2000/svg"
    >
      <polygon
        points="12 2 15.09 8.26 22 9.27 17 14.14 18.18 21.02 12 17.77 5.82 21.02 7 14.14 2 9.27 8.91 8.26 12 2"
      />
    </svg>
  </div>
  <div
    className="c2"
  >
    This is a test title
  </div>
  <div
    className="c3"
    dangerouslySetInnerHTML={
      Object {
        "__html": "<ul> \\\\n <li>Empty and rinse (if necessary and possible) this item before placing it in the&nbsp;<strong>Blue Bin<\\\\/strong>.<\\\\/li> \\\\n<\\\\/ul>",
      }
    }
  />
   
</div>
`;
