// Jest Snapshot v1, https://goo.gl/fbAQLP

exports[`renders correctly 1`] = `
.c0 {
  height: auto;
  min-height: 20vh;
  padding: 1vw;
  background-color: #23975e15;
}

.c1 {
  font-weight: 600;
  font-size: 2vw;
  color: #23975e;
  margin-bottom: 1vw;
}

<div
  className="c0"
>
  <div
    className="c1"
  >
    Favourites
  </div>
  <div>
    test div
  </div>
  <a
    href="test thing thing"
  >
    test link
  </a>
  <div>
    <div>
      wogewog
      <span>
        wgwegww????!@$!@
      </span>
    </div>
  </div>
</div>
`;
